C:/ST/SeniorDesignProjects/NonSecureModularExponentiation/Src/main.c:77:5:main	8
C:/ST/SeniorDesignProjects/NonSecureModularExponentiation/Src/main.c:209:6:SystemClock_Config	4
C:/ST/SeniorDesignProjects/NonSecureModularExponentiation/Src/main.c:263:13:MX_ICACHE_Init	2
C:/ST/SeniorDesignProjects/NonSecureModularExponentiation/Src/main.c:291:13:MX_PKA_Init	2
C:/ST/SeniorDesignProjects/NonSecureModularExponentiation/Src/main.c:317:13:MX_RNG_Init	2
C:/ST/SeniorDesignProjects/NonSecureModularExponentiation/Src/main.c:344:13:MX_GPIO_Init	1
C:/ST/SeniorDesignProjects/NonSecureModularExponentiation/Src/main.c:385:6:HAL_PKA_OperationCpltCallback	1
C:/ST/SeniorDesignProjects/NonSecureModularExponentiation/Src/main.c:395:6:HAL_PKA_ErrorCallback	1
C:/ST/SeniorDesignProjects/NonSecureModularExponentiation/Src/main.c:405:6:Error_Handler	1
